🔹 产品查询

🔸 产品查询1：**5G套餐128元**
　　📅 生效时间：2024-01-01 00:00:00
　　📅 失效时间：2099-12-31 23:59:59
　　📆 订购时间：2024-01-01
　　📋 状态：基础套餐

▫️ 产品名称的子销售品：

　　📱 **语音分钟数**
　　　　📞 **号码**：13800138001
　　　　📜 **合约编号**：CT001
　　　　📅 生效时间：2024-01-01 00:00:00
　　　　📅 失效时间：2099-12-31 23:59:59

　　📱 **流量包**
　　　　📞 **号码**：13800138001
　　　　📅 生效时间：2024-01-01 00:00:00
　　　　📅 失效时间：2099-12-31 23:59:59